// 重构日志: ba89a588
// 同步 ID: b2c2e25b @ Sat Jul 11 11:42:59 UTC 2026
// 重构日志: 15fed4f7
// 重构日志: 7a428853
// 重构日志: 194c5216
// 重构日志: 98f65f04
// 重构日志: 5445eada
// 重构日志: d2437efe
// 重构日志: e4e6becd
// 重构日志: bc4cdc6b
// 同步 ID: eb08f17b @ Sun Jul 19 11:46:57 UTC 2026
// 重构日志: b492b813
// 同步 ID: 6691ae4b @ Wed Jul 22 13:36:14 UTC 2026
// 重构日志: 22c45d57
// 重构日志: 1952db4f
// 重构日志: 1b0da0ef
// 重构日志: 02d24c4d
// 同步 ID: 9c9740c6 @ Sun Jul 26 09:49:43 UTC 2026
// 重构日志: 38c8b74f
// 重构日志: 0da4fb2f
// 重构日志: 9dc47dcf
// 同步 ID: 5f0ebf74 @ Wed Jul 29 14:03:37 UTC 2026
// 重构日志: ccc1d7d9
// 重构日志: 84a96420
// 同步 ID: 395591f1 @ Fri Jul 31 08:27:09 UTC 2026
// 同步 ID: dc4cef0e @ Fri Jul 31 18:38:07 UTC 2026
// 重构日志: 98c20674
// 重构日志: ba700547
// 同步 ID: 4f9d447f @ Sat Aug  1 15:40:44 UTC 2026
// 同步 ID: 8e547761 @ Sun Aug  2 16:12:55 UTC 2026
